// Jest Snapshot v1, https://goo.gl/fbAQLP

exports[`<Item/> renders and matches the snapshot 1`] = `
<ItemStyles__Item>
  <img
    alt="title"
    src="image"
  />
  <Title>
    <Link
      href={
        Object {
          "pathname": "/item",
          "query": Object {
            "id": "id",
          },
        }
      }
    >
      <a>
        title
      </a>
    </Link>
  </Title>
  <PriceTag>
    $40
  </PriceTag>
  <p>
    description
  </p>
  <div
    className="buttonList"
  >
    <Link
      href={
        Object {
          "pathname": "update",
          "query": Object {
            "id": "id",
          },
        }
      }
    >
      <a>
        Edit ✏️ 
      </a>
    </Link>
    <AddToCart
      id="id"
    />
    <DeleteItem
      id="id"
    >
      Delete This Item
    </DeleteItem>
  </div>
</ItemStyles__Item>
`;
